// Jest Snapshot v1, https://goo.gl/fbAQLP

exports[`Test On ProfilePicture Component render() Should Render ProfilePicture Component 1`] = `
<ForwardRef(Card)
  className="makeStyles-root-1"
  classes={
    Object {
      "root": "MuiCard-root",
    }
  }
>
  <WithStyles(ForwardRef(Typography))
    style={
      Object {
        "backgroundColor": "#0074D9",
        "color": "#ffff",
        "fontWeight": "bold",
        "paddingBottom": "10px",
        "paddingTop": "10px",
        "textAlign": "center",
      }
    }
  >
    <a
      className="makeStyles-link-2"
      href="/comments/?trip_id=undefined"
    />
  </WithStyles(ForwardRef(Typography))>
  <div
    style={
      Object {
        "marginLeft": "20px",
        "marginRight": "20px",
      }
    }
  >
    <p>
      <span
        style={
          Object {
            "fontWeight": "bold",
            "paddingRight": "5px",
          }
        }
      >
        Origin:
      </span>
      <span />
    </p>
    <p>
      <span
        style={
          Object {
            "fontWeight": "bold",
            "paddingRight": "5px",
          }
        }
      >
        Destination:
      </span>
      <span />
    </p>
    <p>
      <span
        style={
          Object {
            "fontWeight": "bold",
            "paddingRight": "5px",
          }
        }
      >
        Departure Date:
      </span>
      <span />
    </p>
    <p>
      <span
        style={
          Object {
            "fontWeight": "bold",
            "paddingRight": "5px",
          }
        }
      >
        Return Date:
      </span>
      <span />
    </p>
    <p>
      <span
        style={
          Object {
            "fontWeight": "bold",
            "paddingRight": "5px",
          }
        }
      >
        Status:
      </span>
      <span
        style={
          Object {
            "color": "#C62828",
          }
        }
      />
      <WithStyles(ForwardRef(Button))
        color="primary"
        disabled={false}
        onClick={[Function]}
        size="small"
        style={
          Object {
            "marginLeft": "45px",
          }
        }
        variant="contained"
      >
        Edit Trip
      </WithStyles(ForwardRef(Button))>
    </p>
  </div>
  <WithStyles(ForwardRef(Divider)) />
  <WithStyles(ForwardRef(Button))
    color="primary"
    disabled={true}
    onClick={[Function]}
    style={
      Object {
        "alignSelf": "center",
        "margin": 10,
        "width": "90%",
      }
    }
    variant="contained"
  >
    Book accommodation
  </WithStyles(ForwardRef(Button))>
</ForwardRef(Card)>
`;
